2025-09-21T03:39:35.7410743Z Current runner version: '2.328.0'
2025-09-21T03:39:35.7434968Z ##[group]Runner Image Provisioner
2025-09-21T03:39:35.7435909Z Hosted Compute Agent
2025-09-21T03:39:35.7436825Z Version: 20250829.383
2025-09-21T03:39:35.7437470Z Commit: 27cb235aab5b0e52e153a26cd86b4742e89dac5d
2025-09-21T03:39:35.7438241Z Build Date: 2025-08-29T13:48:48Z
2025-09-21T03:39:35.7438903Z ##[endgroup]
2025-09-21T03:39:35.7439511Z ##[group]Operating System
2025-09-21T03:39:35.7440095Z Ubuntu
2025-09-21T03:39:35.7440582Z 24.04.3
2025-09-21T03:39:35.7441013Z LTS
2025-09-21T03:39:35.7441511Z ##[endgroup]
2025-09-21T03:39:35.7442030Z ##[group]Runner Image
2025-09-21T03:39:35.7442575Z Image: ubuntu-24.04
2025-09-21T03:39:35.7443128Z Version: 20250907.24.1
2025-09-21T03:39:35.7444169Z Included Software: https://github.com/actions/runner-images/blob/ubuntu24/20250907.24/images/ubuntu/Ubuntu2404-Readme.md
2025-09-21T03:39:35.7445656Z Image Release: https://github.com/actions/runner-images/releases/tag/ubuntu24%2F20250907.24
2025-09-21T03:39:35.7446870Z ##[endgroup]
2025-09-21T03:39:35.7447932Z ##[group]GITHUB_TOKEN Permissions
2025-09-21T03:39:35.7449841Z Contents: read
2025-09-21T03:39:35.7450395Z Metadata: read
2025-09-21T03:39:35.7450977Z Packages: read
2025-09-21T03:39:35.7451484Z ##[endgroup]
2025-09-21T03:39:35.7453565Z Secret source: Actions
2025-09-21T03:39:35.7454215Z Prepare workflow directory
2025-09-21T03:39:35.7793506Z Prepare all required actions
2025-09-21T03:39:35.7831816Z Getting action download info
2025-09-21T03:39:36.3254364Z Download action repository 'actions/checkout@v4' (SHA:08eba0b27e820071cde6df949e0beb9ba4906955)
2025-09-21T03:39:36.4930010Z Download action repository 'actions/setup-python@v4' (SHA:7f4fc3e22c37d6ff65e88745f38bd3157c663f7c)
2025-09-21T03:39:36.6150200Z Download action repository 'actions/cache@v3' (SHA:2f8e54208210a422b2efd51efaa6bd6d7ca8920f)
2025-09-21T03:39:36.8160317Z Download action repository 'SonarSource/sonarcloud-github-action@master' (SHA:ba3875ecf642b2129de2b589510c81a8b53dbf4e)
2025-09-21T03:39:37.2184678Z Getting action download info
2025-09-21T03:39:37.3456981Z Download action repository 'SonarSource/sonarqube-scan-action@v5.0.0' (SHA:0303d6b62e310685c0e34d0b9cde218036885c4d)
2025-09-21T03:39:37.7092845Z Getting action download info
2025-09-21T03:39:37.8342418Z Download action repository 'actions/cache@v4' (SHA:0400d5f644dc74513175e3cd8d07132dd4860809)
2025-09-21T03:39:38.0182934Z Complete job name: sonarcloud
2025-09-21T03:39:38.1009108Z ##[group]Run actions/checkout@v4
2025-09-21T03:39:38.1010425Z with:
2025-09-21T03:39:38.1011178Z   fetch-depth: 0
2025-09-21T03:39:38.1012005Z   repository: jagnd1/fmcrypto
2025-09-21T03:39:38.1013209Z   token: ***
2025-09-21T03:39:38.1013976Z   ssh-strict: true
2025-09-21T03:39:38.1014776Z   ssh-user: git
2025-09-21T03:39:38.1015585Z   persist-credentials: true
2025-09-21T03:39:38.1016723Z   clean: true
2025-09-21T03:39:38.1017542Z   sparse-checkout-cone-mode: true
2025-09-21T03:39:38.1018534Z   fetch-tags: false
2025-09-21T03:39:38.1019327Z   show-progress: true
2025-09-21T03:39:38.1020162Z   lfs: false
2025-09-21T03:39:38.1020916Z   submodules: false
2025-09-21T03:39:38.1021741Z   set-safe-directory: true
2025-09-21T03:39:38.1022890Z ##[endgroup]
2025-09-21T03:39:38.2100297Z Syncing repository: jagnd1/fmcrypto
2025-09-21T03:39:38.2103169Z ##[group]Getting Git version info
2025-09-21T03:39:38.2104502Z Working directory is '/home/runner/work/fmcrypto/fmcrypto'
2025-09-21T03:39:38.2106731Z [command]/usr/bin/git version
2025-09-21T03:39:38.2163065Z git version 2.51.0
2025-09-21T03:39:38.2189367Z ##[endgroup]
2025-09-21T03:39:38.2209385Z Temporarily overriding HOME='/home/runner/work/_temp/52c9b615-0675-4469-91e2-f723de678d75' before making global git config changes
2025-09-21T03:39:38.2212099Z Adding repository directory to the temporary git global config as a safe directory
2025-09-21T03:39:38.2214704Z [command]/usr/bin/git config --global --add safe.directory /home/runner/work/fmcrypto/fmcrypto
2025-09-21T03:39:38.2250117Z Deleting the contents of '/home/runner/work/fmcrypto/fmcrypto'
2025-09-21T03:39:38.2253551Z ##[group]Initializing the repository
2025-09-21T03:39:38.2257787Z [command]/usr/bin/git init /home/runner/work/fmcrypto/fmcrypto
2025-09-21T03:39:38.2343846Z hint: Using 'master' as the name for the initial branch. This default branch name
2025-09-21T03:39:38.2345760Z hint: is subject to change. To configure the initial branch name to use in all
2025-09-21T03:39:38.2348479Z hint: of your new repositories, which will suppress this warning, call:
2025-09-21T03:39:38.2349837Z hint:
2025-09-21T03:39:38.2350896Z hint: 	git config --global init.defaultBranch <name>
2025-09-21T03:39:38.2352039Z hint:
2025-09-21T03:39:38.2353342Z hint: Names commonly chosen instead of 'master' are 'main', 'trunk' and
2025-09-21T03:39:38.2355119Z hint: 'development'. The just-created branch can be renamed via this command:
2025-09-21T03:39:38.2356722Z hint:
2025-09-21T03:39:38.2357478Z hint: 	git branch -m <name>
2025-09-21T03:39:38.2358706Z hint:
2025-09-21T03:39:38.2359937Z hint: Disable this message with "git config set advice.defaultBranchName false"
2025-09-21T03:39:38.2361879Z Initialized empty Git repository in /home/runner/work/fmcrypto/fmcrypto/.git/
2025-09-21T03:39:38.2364810Z [command]/usr/bin/git remote add origin https://github.com/jagnd1/fmcrypto
2025-09-21T03:39:38.2397028Z ##[endgroup]
2025-09-21T03:39:38.2398431Z ##[group]Disabling automatic garbage collection
2025-09-21T03:39:38.2400351Z [command]/usr/bin/git config --local gc.auto 0
2025-09-21T03:39:38.2429229Z ##[endgroup]
2025-09-21T03:39:38.2430525Z ##[group]Setting up auth
2025-09-21T03:39:38.2435786Z [command]/usr/bin/git config --local --name-only --get-regexp core\.sshCommand
2025-09-21T03:39:38.2470133Z [command]/usr/bin/git submodule foreach --recursive sh -c "git config --local --name-only --get-regexp 'core\.sshCommand' && git config --local --unset-all 'core.sshCommand' || :"
2025-09-21T03:39:38.2784385Z [command]/usr/bin/git config --local --name-only --get-regexp http\.https\:\/\/github\.com\/\.extraheader
2025-09-21T03:39:38.2818042Z [command]/usr/bin/git submodule foreach --recursive sh -c "git config --local --name-only --get-regexp 'http\.https\:\/\/github\.com\/\.extraheader' && git config --local --unset-all 'http.https://github.com/.extraheader' || :"
2025-09-21T03:39:38.3037451Z [command]/usr/bin/git config --local http.https://github.com/.extraheader AUTHORIZATION: basic ***
2025-09-21T03:39:38.3072953Z ##[endgroup]
2025-09-21T03:39:38.3075415Z ##[group]Fetching the repository
2025-09-21T03:39:38.3092894Z [command]/usr/bin/git -c protocol.version=2 fetch --prune --no-recurse-submodules origin +refs/heads/*:refs/remotes/origin/* +refs/tags/*:refs/tags/*
2025-09-21T03:39:38.6788527Z From https://github.com/jagnd1/fmcrypto
2025-09-21T03:39:38.6789838Z  * [new branch]      main       -> origin/main
2025-09-21T03:39:38.6825354Z [command]/usr/bin/git branch --list --remote origin/main
2025-09-21T03:39:38.6847379Z   origin/main
2025-09-21T03:39:38.6858435Z [command]/usr/bin/git rev-parse refs/remotes/origin/main
2025-09-21T03:39:38.6878177Z e483ef97043480930610e69d6aa6cb7837b89e63
2025-09-21T03:39:38.6885174Z ##[endgroup]
2025-09-21T03:39:38.6887304Z ##[group]Determining the checkout info
2025-09-21T03:39:38.6889047Z ##[endgroup]
2025-09-21T03:39:38.6890396Z [command]/usr/bin/git sparse-checkout disable
2025-09-21T03:39:38.6928315Z [command]/usr/bin/git config --local --unset-all extensions.worktreeConfig
2025-09-21T03:39:38.6953467Z ##[group]Checking out the ref
2025-09-21T03:39:38.6956635Z [command]/usr/bin/git checkout --progress --force -B main refs/remotes/origin/main
2025-09-21T03:39:38.7053824Z Switched to a new branch 'main'
2025-09-21T03:39:38.7056789Z branch 'main' set up to track 'origin/main'.
2025-09-21T03:39:38.7064908Z ##[endgroup]
2025-09-21T03:39:38.7099849Z [command]/usr/bin/git log -1 --format=%H
2025-09-21T03:39:38.7121595Z e483ef97043480930610e69d6aa6cb7837b89e63
2025-09-21T03:39:38.7444815Z ##[group]Run actions/setup-python@v4
2025-09-21T03:39:38.7445803Z with:
2025-09-21T03:39:38.7446856Z   python-version: 3.13
2025-09-21T03:39:38.7447647Z   check-latest: false
2025-09-21T03:39:38.7448660Z   token: ***
2025-09-21T03:39:38.7449395Z   update-environment: true
2025-09-21T03:39:38.7450256Z   allow-prereleases: false
2025-09-21T03:39:38.7451087Z ##[endgroup]
2025-09-21T03:39:38.9220013Z ##[group]Installed versions
2025-09-21T03:39:38.9310870Z Successfully set up CPython (3.13.7)
2025-09-21T03:39:38.9313022Z ##[endgroup]
2025-09-21T03:39:39.0312365Z ##[group]Run actions/cache@v3
2025-09-21T03:39:39.0313268Z with:
2025-09-21T03:39:39.0313933Z   path: ~/.cache/pip
2025-09-21T03:39:39.0315229Z   key: Linux-pip-a09f2a01a686208c7bab8c301f43d24ce4dfc7bf9e17b5117c03b76b207231d9
2025-09-21T03:39:39.0317200Z   restore-keys: Linux-pip-

2025-09-21T03:39:39.0318089Z   enableCrossOsArchive: false
2025-09-21T03:39:39.0318977Z   fail-on-cache-miss: false
2025-09-21T03:39:39.0319801Z   lookup-only: false
2025-09-21T03:39:39.0320536Z env:
2025-09-21T03:39:39.0321396Z   pythonLocation: /opt/hostedtoolcache/Python/3.13.7/x64
2025-09-21T03:39:39.0322848Z   PKG_CONFIG_PATH: /opt/hostedtoolcache/Python/3.13.7/x64/lib/pkgconfig
2025-09-21T03:39:39.0324276Z   Python_ROOT_DIR: /opt/hostedtoolcache/Python/3.13.7/x64
2025-09-21T03:39:39.0325556Z   Python2_ROOT_DIR: /opt/hostedtoolcache/Python/3.13.7/x64
2025-09-21T03:39:39.0327357Z   Python3_ROOT_DIR: /opt/hostedtoolcache/Python/3.13.7/x64
2025-09-21T03:39:39.0328763Z   LD_LIBRARY_PATH: /opt/hostedtoolcache/Python/3.13.7/x64/lib
2025-09-21T03:39:39.0329863Z ##[endgroup]
2025-09-21T03:39:39.3635059Z Cache not found for input keys: Linux-pip-a09f2a01a686208c7bab8c301f43d24ce4dfc7bf9e17b5117c03b76b207231d9, Linux-pip-
2025-09-21T03:39:39.3743668Z ##[group]Run cd testing
2025-09-21T03:39:39.3744607Z [36;1mcd testing[0m
2025-09-21T03:39:39.3745420Z [36;1mpython -m venv .venv[0m
2025-09-21T03:39:39.3746497Z [36;1msource .venv/bin/activate[0m
2025-09-21T03:39:39.3747541Z [36;1mpython -m pip install --upgrade pip[0m
2025-09-21T03:39:39.3748804Z [36;1mpip install pytest pytest-cov pytest-asyncio httpx[0m
2025-09-21T03:39:39.3750195Z [36;1mpip install -r ../crypto_service/requirements.txt[0m
2025-09-21T03:39:39.3751517Z [36;1mpip install -r ../pki_service/requirements.txt[0m
2025-09-21T03:39:39.3857235Z shell: /usr/bin/bash -e {0}
2025-09-21T03:39:39.3858105Z env:
2025-09-21T03:39:39.3859014Z   pythonLocation: /opt/hostedtoolcache/Python/3.13.7/x64
2025-09-21T03:39:39.3860475Z   PKG_CONFIG_PATH: /opt/hostedtoolcache/Python/3.13.7/x64/lib/pkgconfig
2025-09-21T03:39:39.3861919Z   Python_ROOT_DIR: /opt/hostedtoolcache/Python/3.13.7/x64
2025-09-21T03:39:39.3863293Z   Python2_ROOT_DIR: /opt/hostedtoolcache/Python/3.13.7/x64
2025-09-21T03:39:39.3864616Z   Python3_ROOT_DIR: /opt/hostedtoolcache/Python/3.13.7/x64
2025-09-21T03:39:39.3865956Z   LD_LIBRARY_PATH: /opt/hostedtoolcache/Python/3.13.7/x64/lib
2025-09-21T03:39:39.3867222Z ##[endgroup]
2025-09-21T03:39:44.2456159Z Requirement already satisfied: pip in ./.venv/lib/python3.13/site-packages (25.2)
2025-09-21T03:39:45.0185735Z Collecting pytest
2025-09-21T03:39:45.1389704Z   Downloading pytest-8.4.2-py3-none-any.whl.metadata (7.7 kB)
2025-09-21T03:39:45.1720060Z Collecting pytest-cov
2025-09-21T03:39:45.2005736Z   Downloading pytest_cov-7.0.0-py3-none-any.whl.metadata (31 kB)
2025-09-21T03:39:45.2508290Z Collecting pytest-asyncio
2025-09-21T03:39:45.2793883Z   Downloading pytest_asyncio-1.2.0-py3-none-any.whl.metadata (4.1 kB)
2025-09-21T03:39:45.3143788Z Collecting httpx
2025-09-21T03:39:45.3429665Z   Downloading httpx-0.28.1-py3-none-any.whl.metadata (7.1 kB)
2025-09-21T03:39:45.3688384Z Collecting iniconfig>=1 (from pytest)
2025-09-21T03:39:45.3972527Z   Downloading iniconfig-2.1.0-py3-none-any.whl.metadata (2.7 kB)
2025-09-21T03:39:45.4275985Z Collecting packaging>=20 (from pytest)
2025-09-21T03:39:45.4561793Z   Downloading packaging-25.0-py3-none-any.whl.metadata (3.3 kB)
2025-09-21T03:39:45.4829370Z Collecting pluggy<2,>=1.5 (from pytest)
2025-09-21T03:39:45.5113528Z   Downloading pluggy-1.6.0-py3-none-any.whl.metadata (4.8 kB)
2025-09-21T03:39:45.5453311Z Collecting pygments>=2.7.2 (from pytest)
2025-09-21T03:39:45.5736675Z   Downloading pygments-2.19.2-py3-none-any.whl.metadata (2.5 kB)
2025-09-21T03:39:45.9278548Z Collecting coverage>=7.10.6 (from coverage[toml]>=7.10.6->pytest-cov)
2025-09-21T03:39:45.9565831Z   Downloading coverage-7.10.6-cp313-cp313-manylinux1_x86_64.manylinux_2_28_x86_64.manylinux_2_5_x86_64.whl.metadata (8.9 kB)
2025-09-21T03:39:46.0119177Z Collecting anyio (from httpx)
2025-09-21T03:39:46.0429083Z   Downloading anyio-4.10.0-py3-none-any.whl.metadata (4.0 kB)
2025-09-21T03:39:46.0771485Z Collecting certifi (from httpx)
2025-09-21T03:39:46.1055574Z   Downloading certifi-2025.8.3-py3-none-any.whl.metadata (2.4 kB)
2025-09-21T03:39:46.1380913Z Collecting httpcore==1.* (from httpx)
2025-09-21T03:39:46.1665148Z   Downloading httpcore-1.0.9-py3-none-any.whl.metadata (21 kB)
2025-09-21T03:39:46.1983915Z Collecting idna (from httpx)
2025-09-21T03:39:46.2266733Z   Downloading idna-3.10-py3-none-any.whl.metadata (10 kB)
2025-09-21T03:39:46.2533725Z Collecting h11>=0.16 (from httpcore==1.*->httpx)
2025-09-21T03:39:46.2819080Z   Downloading h11-0.16.0-py3-none-any.whl.metadata (8.3 kB)
2025-09-21T03:39:46.3113178Z Collecting sniffio>=1.1 (from anyio->httpx)
2025-09-21T03:39:46.3397244Z   Downloading sniffio-1.3.1-py3-none-any.whl.metadata (3.9 kB)
2025-09-21T03:39:46.3736575Z Downloading pytest-8.4.2-py3-none-any.whl (365 kB)
2025-09-21T03:39:46.4680158Z Downloading pluggy-1.6.0-py3-none-any.whl (20 kB)
2025-09-21T03:39:46.4988401Z Downloading pytest_cov-7.0.0-py3-none-any.whl (22 kB)
2025-09-21T03:39:46.5294051Z Downloading pytest_asyncio-1.2.0-py3-none-any.whl (15 kB)
2025-09-21T03:39:46.5600769Z Downloading httpx-0.28.1-py3-none-any.whl (73 kB)
2025-09-21T03:39:46.5934825Z Downloading httpcore-1.0.9-py3-none-any.whl (78 kB)
2025-09-21T03:39:46.6248337Z Downloading coverage-7.10.6-cp313-cp313-manylinux1_x86_64.manylinux_2_28_x86_64.manylinux_2_5_x86_64.whl (251 kB)
2025-09-21T03:39:46.6626728Z Downloading h11-0.16.0-py3-none-any.whl (37 kB)
2025-09-21T03:39:46.6930276Z Downloading iniconfig-2.1.0-py3-none-any.whl (6.0 kB)
2025-09-21T03:39:46.7231296Z Downloading packaging-25.0-py3-none-any.whl (66 kB)
2025-09-21T03:39:46.7544171Z Downloading pygments-2.19.2-py3-none-any.whl (1.2 MB)
2025-09-21T03:39:46.8000715Z    ━━━━━━━━━━━━━━━━━━━━━━━━━━━━━━━━━━━━━━━━ 1.2/1.2 MB 26.6 MB/s  0:00:00
2025-09-21T03:39:46.8285415Z Downloading anyio-4.10.0-py3-none-any.whl (107 kB)
2025-09-21T03:39:46.8592975Z Downloading idna-3.10-py3-none-any.whl (70 kB)
2025-09-21T03:39:46.8897054Z Downloading sniffio-1.3.1-py3-none-any.whl (10 kB)
2025-09-21T03:39:46.9204068Z Downloading certifi-2025.8.3-py3-none-any.whl (161 kB)
2025-09-21T03:39:46.9688261Z Installing collected packages: sniffio, pygments, pluggy, packaging, iniconfig, idna, h11, coverage, certifi, pytest, httpcore, anyio, pytest-cov, pytest-asyncio, httpx
2025-09-21T03:39:48.4450184Z 
2025-09-21T03:39:48.4475591Z Successfully installed anyio-4.10.0 certifi-2025.8.3 coverage-7.10.6 h11-0.16.0 httpcore-1.0.9 httpx-0.28.1 idna-3.10 iniconfig-2.1.0 packaging-25.0 pluggy-1.6.0 pygments-2.19.2 pytest-8.4.2 pytest-asyncio-1.2.0 pytest-cov-7.0.0 sniffio-1.3.1
2025-09-21T03:39:48.9944203Z Collecting annotated-types==0.7.0 (from -r ../crypto_service/requirements.txt (line 1))
2025-09-21T03:39:49.1102553Z   Downloading annotated_types-0.7.0-py3-none-any.whl.metadata (15 kB)
2025-09-21T03:39:49.1174297Z Requirement already satisfied: anyio==4.10.0 in ./.venv/lib/python3.13/site-packages (from -r ../crypto_service/requirements.txt (line 2)) (4.10.0)
2025-09-21T03:39:49.1475905Z Collecting asn1crypto==1.5.1 (from -r ../crypto_service/requirements.txt (line 3))
2025-09-21T03:39:49.1789780Z   Downloading asn1crypto-1.5.1-py2.py3-none-any.whl.metadata (13 kB)
2025-09-21T03:39:49.1877175Z Requirement already satisfied: certifi==2025.8.3 in ./.venv/lib/python3.13/site-packages (from -r ../crypto_service/requirements.txt (line 4)) (2025.8.3)
2025-09-21T03:39:49.3361622Z Collecting cffi==2.0.0 (from -r ../crypto_service/requirements.txt (line 5))
2025-09-21T03:39:49.3809919Z   Downloading cffi-2.0.0-cp313-cp313-manylinux2014_x86_64.manylinux_2_17_x86_64.whl.metadata (2.6 kB)
2025-09-21T03:39:49.4230839Z Collecting click==8.2.1 (from -r ../crypto_service/requirements.txt (line 6))
2025-09-21T03:39:49.4548935Z   Downloading click-8.2.1-py3-none-any.whl.metadata (2.5 kB)
2025-09-21T03:39:49.6756112Z Collecting cryptography==45.0.7 (from -r ../crypto_service/requirements.txt (line 7))
2025-09-21T03:39:49.7077206Z   Downloading cryptography-45.0.7-cp311-abi3-manylinux_2_34_x86_64.whl.metadata (5.7 kB)
2025-09-21T03:39:49.7497773Z Collecting fastapi-slim==0.116.1 (from -r ../crypto_service/requirements.txt (line 8))
2025-09-21T03:39:49.7818569Z   Downloading fastapi_slim-0.116.1-py3-none-any.whl.metadata (28 kB)
2025-09-21T03:39:49.9253230Z Collecting greenlet==3.2.4 (from -r ../crypto_service/requirements.txt (line 9))
2025-09-21T03:39:49.9577628Z   Downloading greenlet-3.2.4-cp313-cp313-manylinux_2_24_x86_64.manylinux_2_28_x86_64.whl.metadata (4.1 kB)
2025-09-21T03:39:49.9623398Z Requirement already satisfied: h11==0.16.0 in ./.venv/lib/python3.13/site-packages (from -r ../crypto_service/requirements.txt (line 10)) (0.16.0)
2025-09-21T03:39:49.9628528Z Requirement already satisfied: httpcore==1.0.9 in ./.venv/lib/python3.13/site-packages (from -r ../crypto_service/requirements.txt (line 11)) (1.0.9)
2025-09-21T03:39:49.9633080Z Requirement already satisfied: httpx==0.28.1 in ./.venv/lib/python3.13/site-packages (from -r ../crypto_service/requirements.txt (line 12)) (0.28.1)
2025-09-21T03:39:49.9638443Z Requirement already satisfied: idna==3.10 in ./.venv/lib/python3.13/site-packages (from -r ../crypto_service/requirements.txt (line 13)) (3.10)
2025-09-21T03:39:50.0184260Z Collecting psec==1.3.0 (from -r ../crypto_service/requirements.txt (line 14))
2025-09-21T03:39:50.0507022Z   Downloading psec-1.3.0-py3-none-any.whl.metadata (2.4 kB)
2025-09-21T03:39:50.0840841Z Collecting pyasn1==0.6.1 (from -r ../crypto_service/requirements.txt (line 15))
2025-09-21T03:39:50.1157885Z   Downloading pyasn1-0.6.1-py3-none-any.whl.metadata (8.4 kB)
2025-09-21T03:39:50.1397688Z Collecting pycparser==2.23 (from -r ../crypto_service/requirements.txt (line 16))
2025-09-21T03:39:50.1712060Z   Downloading pycparser-2.23-py3-none-any.whl.metadata (993 bytes)
2025-09-21T03:39:50.2670690Z Collecting pycryptodome==3.23.0 (from -r ../crypto_service/requirements.txt (line 17))
2025-09-21T03:39:50.2987910Z   Downloading pycryptodome-3.23.0-cp37-abi3-manylinux_2_17_x86_64.manylinux2014_x86_64.whl.metadata (3.4 kB)
2025-09-21T03:39:50.4210385Z Collecting pydantic==2.11.9 (from -r ../crypto_service/requirements.txt (line 18))
2025-09-21T03:39:50.4527674Z   Downloading pydantic-2.11.9-py3-none-any.whl.metadata (68 kB)
2025-09-21T03:39:51.1165493Z Collecting pydantic_core==2.33.2 (from -r ../crypto_service/requirements.txt (line 19))
2025-09-21T03:39:51.1484577Z   Downloading pydantic_core-2.33.2-cp313-cp313-manylinux_2_17_x86_64.manylinux2014_x86_64.whl.metadata (6.8 kB)
2025-09-21T03:39:51.1792815Z Collecting PyJWT==2.10.1 (from -r ../crypto_service/requirements.txt (line 20))
2025-09-21T03:39:51.2108479Z   Downloading PyJWT-2.10.1-py3-none-any.whl.metadata (4.0 kB)
2025-09-21T03:39:51.2424911Z Collecting python-json-logger==3.3.0 (from -r ../crypto_service/requirements.txt (line 21))
2025-09-21T03:39:51.2740606Z   Downloading python_json_logger-3.3.0-py3-none-any.whl.metadata (4.0 kB)
2025-09-21T03:39:51.2793858Z Requirement already satisfied: sniffio==1.3.1 in ./.venv/lib/python3.13/site-packages (from -r ../crypto_service/requirements.txt (line 22)) (1.3.1)
2025-09-21T03:39:51.3169595Z Collecting starlette==0.47.3 (from -r ../crypto_service/requirements.txt (line 23))
2025-09-21T03:39:51.3487716Z   Downloading starlette-0.47.3-py3-none-any.whl.metadata (6.2 kB)
2025-09-21T03:39:51.3767443Z Collecting typing-inspection==0.4.1 (from -r ../crypto_service/requirements.txt (line 24))
2025-09-21T03:39:51.4080457Z   Downloading typing_inspection-0.4.1-py3-none-any.whl.metadata (2.6 kB)
2025-09-21T03:39:51.4383582Z Collecting typing_extensions==4.15.0 (from -r ../crypto_service/requirements.txt (line 25))
2025-09-21T03:39:51.4700431Z   Downloading typing_extensions-4.15.0-py3-none-any.whl.metadata (3.3 kB)
2025-09-21T03:39:51.5101888Z Collecting uvicorn==0.35.0 (from -r ../crypto_service/requirements.txt (line 26))
2025-09-21T03:39:51.5417228Z   Downloading uvicorn-0.35.0-py3-none-any.whl.metadata (6.5 kB)
2025-09-21T03:39:51.7026914Z Downloading annotated_types-0.7.0-py3-none-any.whl (13 kB)
2025-09-21T03:39:51.7367969Z Downloading asn1crypto-1.5.1-py2.py3-none-any.whl (105 kB)
2025-09-21T03:39:51.7826772Z Downloading cffi-2.0.0-cp313-cp313-manylinux2014_x86_64.manylinux_2_17_x86_64.whl (219 kB)
2025-09-21T03:39:51.8452403Z Downloading click-8.2.1-py3-none-any.whl (102 kB)
2025-09-21T03:39:51.8811465Z Downloading cryptography-45.0.7-cp311-abi3-manylinux_2_34_x86_64.whl (4.5 MB)
2025-09-21T03:39:51.9887894Z    ━━━━━━━━━━━━━━━━━━━━━━━━━━━━━━━━━━━━━━━━ 4.5/4.5 MB 42.7 MB/s  0:00:00
2025-09-21T03:39:52.0207603Z Downloading fastapi_slim-0.116.1-py3-none-any.whl (95 kB)
2025-09-21T03:39:52.0545745Z Downloading pydantic-2.11.9-py3-none-any.whl (444 kB)
2025-09-21T03:39:52.0914349Z Downloading starlette-0.47.3-py3-none-any.whl (72 kB)
2025-09-21T03:39:52.1254539Z Downloading greenlet-3.2.4-cp313-cp313-manylinux_2_24_x86_64.manylinux_2_28_x86_64.whl (610 kB)
2025-09-21T03:39:52.1316543Z    ━━━━━━━━━━━━━━━━━━━━━━━━━━━━━━━━━━━━━━━━ 610.5/610.5 kB 94.2 MB/s  0:00:00
2025-09-21T03:39:52.1854504Z Downloading psec-1.3.0-py3-none-any.whl (27 kB)
2025-09-21T03:39:52.2195832Z Downloading pyasn1-0.6.1-py3-none-any.whl (83 kB)
2025-09-21T03:39:52.2538309Z Downloading pycparser-2.23-py3-none-any.whl (118 kB)
2025-09-21T03:39:52.2876205Z Downloading pycryptodome-3.23.0-cp37-abi3-manylinux_2_17_x86_64.manylinux2014_x86_64.whl (2.3 MB)
2025-09-21T03:39:52.3098609Z    ━━━━━━━━━━━━━━━━━━━━━━━━━━━━━━━━━━━━━━━━ 2.3/2.3 MB 112.5 MB/s  0:00:00
2025-09-21T03:39:52.3414263Z Downloading pydantic_core-2.33.2-cp313-cp313-manylinux_2_17_x86_64.manylinux2014_x86_64.whl (2.0 MB)
2025-09-21T03:39:52.3543521Z    ━━━━━━━━━━━━━━━━━━━━━━━━━━━━━━━━━━━━━━━━ 2.0/2.0 MB 161.8 MB/s  0:00:00
2025-09-21T03:39:52.3859073Z Downloading PyJWT-2.10.1-py3-none-any.whl (22 kB)
2025-09-21T03:39:52.4194977Z Downloading python_json_logger-3.3.0-py3-none-any.whl (15 kB)
2025-09-21T03:39:52.4530370Z Downloading typing_inspection-0.4.1-py3-none-any.whl (14 kB)
2025-09-21T03:39:52.4865234Z Downloading typing_extensions-4.15.0-py3-none-any.whl (44 kB)
2025-09-21T03:39:52.5197528Z Downloading uvicorn-0.35.0-py3-none-any.whl (66 kB)
2025-09-21T03:39:52.5901578Z Installing collected packages: asn1crypto, typing_extensions, python-json-logger, PyJWT, pycryptodome, pycparser, pyasn1, greenlet, click, annotated-types, uvicorn, typing-inspection, starlette, pydantic_core, cffi, pydantic, cryptography, psec, fastapi-slim
2025-09-21T03:39:54.3103373Z 
2025-09-21T03:39:54.3146796Z Successfully installed PyJWT-2.10.1 annotated-types-0.7.0 asn1crypto-1.5.1 cffi-2.0.0 click-8.2.1 cryptography-45.0.7 fastapi-slim-0.116.1 greenlet-3.2.4 psec-1.3.0 pyasn1-0.6.1 pycparser-2.23 pycryptodome-3.23.0 pydantic-2.11.9 pydantic_core-2.33.2 python-json-logger-3.3.0 starlette-0.47.3 typing-inspection-0.4.1 typing_extensions-4.15.0 uvicorn-0.35.0
2025-09-21T03:39:54.8784365Z Requirement already satisfied: annotated-types==0.7.0 in ./.venv/lib/python3.13/site-packages (from -r ../pki_service/requirements.txt (line 1)) (0.7.0)
2025-09-21T03:39:54.8788622Z Requirement already satisfied: anyio==4.10.0 in ./.venv/lib/python3.13/site-packages (from -r ../pki_service/requirements.txt (line 2)) (4.10.0)
2025-09-21T03:39:54.8792815Z Requirement already satisfied: asn1crypto==1.5.1 in ./.venv/lib/python3.13/site-packages (from -r ../pki_service/requirements.txt (line 3)) (1.5.1)
2025-09-21T03:39:54.8796959Z Requirement already satisfied: certifi==2025.8.3 in ./.venv/lib/python3.13/site-packages (from -r ../pki_service/requirements.txt (line 4)) (2025.8.3)
2025-09-21T03:39:54.8800827Z Requirement already satisfied: cffi==2.0.0 in ./.venv/lib/python3.13/site-packages (from -r ../pki_service/requirements.txt (line 5)) (2.0.0)
2025-09-21T03:39:54.8804843Z Requirement already satisfied: click==8.2.1 in ./.venv/lib/python3.13/site-packages (from -r ../pki_service/requirements.txt (line 6)) (8.2.1)
2025-09-21T03:39:54.8809098Z Requirement already satisfied: cryptography==45.0.7 in ./.venv/lib/python3.13/site-packages (from -r ../pki_service/requirements.txt (line 7)) (45.0.7)
2025-09-21T03:39:54.8812990Z Requirement already satisfied: fastapi-slim==0.116.1 in ./.venv/lib/python3.13/site-packages (from -r ../pki_service/requirements.txt (line 8)) (0.116.1)
2025-09-21T03:39:54.8816956Z Requirement already satisfied: greenlet==3.2.4 in ./.venv/lib/python3.13/site-packages (from -r ../pki_service/requirements.txt (line 9)) (3.2.4)
2025-09-21T03:39:54.8820906Z Requirement already satisfied: h11==0.16.0 in ./.venv/lib/python3.13/site-packages (from -r ../pki_service/requirements.txt (line 10)) (0.16.0)
2025-09-21T03:39:54.8824860Z Requirement already satisfied: httpcore==1.0.9 in ./.venv/lib/python3.13/site-packages (from -r ../pki_service/requirements.txt (line 11)) (1.0.9)
2025-09-21T03:39:54.8829022Z Requirement already satisfied: httpx==0.28.1 in ./.venv/lib/python3.13/site-packages (from -r ../pki_service/requirements.txt (line 12)) (0.28.1)
2025-09-21T03:39:54.8832846Z Requirement already satisfied: idna==3.10 in ./.venv/lib/python3.13/site-packages (from -r ../pki_service/requirements.txt (line 13)) (3.10)
2025-09-21T03:39:54.9751154Z Collecting Mako==1.3.9 (from -r ../pki_service/requirements.txt (line 14))
2025-09-21T03:39:55.0830452Z   Downloading Mako-1.3.9-py3-none-any.whl.metadata (2.9 kB)
2025-09-21T03:39:55.1664512Z Collecting MarkupSafe==3.0.2 (from -r ../pki_service/requirements.txt (line 15))
2025-09-21T03:39:55.1951129Z   Downloading MarkupSafe-3.0.2-cp313-cp313-manylinux_2_17_x86_64.manylinux2014_x86_64.whl.metadata (4.0 kB)
2025-09-21T03:39:55.1993758Z Requirement already satisfied: psec==1.3.0 in ./.venv/lib/python3.13/site-packages (from -r ../pki_service/requirements.txt (line 16)) (1.3.0)
2025-09-21T03:39:55.1998662Z Requirement already satisfied: pyasn1==0.6.1 in ./.venv/lib/python3.13/site-packages (from -r ../pki_service/requirements.txt (line 17)) (0.6.1)
2025-09-21T03:39:55.2003234Z Requirement already satisfied: pycparser==2.23 in ./.venv/lib/python3.13/site-packages (from -r ../pki_service/requirements.txt (line 18)) (2.23)
2025-09-21T03:39:55.2008006Z Requirement already satisfied: pycryptodome==3.23.0 in ./.venv/lib/python3.13/site-packages (from -r ../pki_service/requirements.txt (line 19)) (3.23.0)
2025-09-21T03:39:55.2012485Z Requirement already satisfied: pydantic==2.11.9 in ./.venv/lib/python3.13/site-packages (from -r ../pki_service/requirements.txt (line 20)) (2.11.9)
2025-09-21T03:39:55.2017169Z Requirement already satisfied: pydantic_core==2.33.2 in ./.venv/lib/python3.13/site-packages (from -r ../pki_service/requirements.txt (line 21)) (2.33.2)
2025-09-21T03:39:55.2021799Z Requirement already satisfied: PyJWT==2.10.1 in ./.venv/lib/python3.13/site-packages (from -r ../pki_service/requirements.txt (line 22)) (2.10.1)
2025-09-21T03:39:55.2026610Z Requirement already satisfied: python-json-logger==3.3.0 in ./.venv/lib/python3.13/site-packages (from -r ../pki_service/requirements.txt (line 23)) (3.3.0)
2025-09-21T03:39:55.2031051Z Requirement already satisfied: sniffio==1.3.1 in ./.venv/lib/python3.13/site-packages (from -r ../pki_service/requirements.txt (line 24)) (1.3.1)
2025-09-21T03:39:55.2035551Z Requirement already satisfied: starlette==0.47.3 in ./.venv/lib/python3.13/site-packages (from -r ../pki_service/requirements.txt (line 25)) (0.47.3)
2025-09-21T03:39:55.2040320Z Requirement already satisfied: typing_extensions==4.15.0 in ./.venv/lib/python3.13/site-packages (from -r ../pki_service/requirements.txt (line 26)) (4.15.0)
2025-09-21T03:39:55.2044752Z Requirement already satisfied: uvicorn==0.35.0 in ./.venv/lib/python3.13/site-packages (from -r ../pki_service/requirements.txt (line 27)) (0.35.0)
2025-09-21T03:39:55.2198577Z Requirement already satisfied: typing-inspection>=0.4.0 in ./.venv/lib/python3.13/site-packages (from pydantic==2.11.9->-r ../pki_service/requirements.txt (line 20)) (0.4.1)
2025-09-21T03:39:55.2753318Z Downloading Mako-1.3.9-py3-none-any.whl (78 kB)
2025-09-21T03:39:55.3425546Z Downloading MarkupSafe-3.0.2-cp313-cp313-manylinux_2_17_x86_64.manylinux2014_x86_64.whl (23 kB)
2025-09-21T03:39:55.3741861Z Installing collected packages: MarkupSafe, Mako
2025-09-21T03:39:55.4488813Z 
2025-09-21T03:39:55.4531277Z Successfully installed Mako-1.3.9 MarkupSafe-3.0.2
2025-09-21T03:39:55.5073425Z ##[group]Run cd crypto_service
2025-09-21T03:39:55.5073735Z [36;1mcd crypto_service[0m
2025-09-21T03:39:55.5074008Z [36;1mpython -m pip install -r requirements.txt[0m
2025-09-21T03:39:55.5074326Z [36;1m# set env vars for CI environment[0m
2025-09-21T03:39:55.5074594Z [36;1mexport HSM_IP="localhost"[0m
2025-09-21T03:39:55.5074838Z [36;1mexport HSM_PORT="1234"[0m
2025-09-21T03:39:55.5075088Z [36;1mexport CRYPTO_HSM="GP"[0m
2025-09-21T03:39:55.5075329Z [36;1mexport ENVIRONMENT="test"[0m
2025-09-21T03:39:55.5075690Z [36;1mnohup uvicorn app.main:app --host 0.0.0.0 --port 8001 > crypto.log 2>&1 &[0m
2025-09-21T03:39:55.5076050Z [36;1mecho $! > crypto.pid[0m
2025-09-21T03:39:55.5107017Z shell: /usr/bin/bash -e {0}
2025-09-21T03:39:55.5107243Z env:
2025-09-21T03:39:55.5107489Z   pythonLocation: /opt/hostedtoolcache/Python/3.13.7/x64
2025-09-21T03:39:55.5107891Z   PKG_CONFIG_PATH: /opt/hostedtoolcache/Python/3.13.7/x64/lib/pkgconfig
2025-09-21T03:39:55.5108314Z   Python_ROOT_DIR: /opt/hostedtoolcache/Python/3.13.7/x64
2025-09-21T03:39:55.5108655Z   Python2_ROOT_DIR: /opt/hostedtoolcache/Python/3.13.7/x64
2025-09-21T03:39:55.5108994Z   Python3_ROOT_DIR: /opt/hostedtoolcache/Python/3.13.7/x64
2025-09-21T03:39:55.5109335Z   LD_LIBRARY_PATH: /opt/hostedtoolcache/Python/3.13.7/x64/lib
2025-09-21T03:39:55.5109617Z ##[endgroup]
2025-09-21T03:39:57.9479667Z Collecting annotated-types==0.7.0 (from -r requirements.txt (line 1))
2025-09-21T03:39:57.9492916Z   Using cached annotated_types-0.7.0-py3-none-any.whl.metadata (15 kB)
2025-09-21T03:39:57.9791958Z Collecting anyio==4.10.0 (from -r requirements.txt (line 2))
2025-09-21T03:39:57.9803491Z   Using cached anyio-4.10.0-py3-none-any.whl.metadata (4.0 kB)
2025-09-21T03:39:58.0035837Z Collecting asn1crypto==1.5.1 (from -r requirements.txt (line 3))
2025-09-21T03:39:58.0047286Z   Using cached asn1crypto-1.5.1-py2.py3-none-any.whl.metadata (13 kB)
2025-09-21T03:39:58.0338264Z Collecting certifi==2025.8.3 (from -r requirements.txt (line 4))
2025-09-21T03:39:58.0349640Z   Using cached certifi-2025.8.3-py3-none-any.whl.metadata (2.4 kB)
2025-09-21T03:39:58.1513784Z Collecting cffi==2.0.0 (from -r requirements.txt (line 5))
2025-09-21T03:39:58.1528017Z   Using cached cffi-2.0.0-cp313-cp313-manylinux2014_x86_64.manylinux_2_17_x86_64.whl.metadata (2.6 kB)
2025-09-21T03:39:58.1806205Z Collecting click==8.2.1 (from -r requirements.txt (line 6))
2025-09-21T03:39:58.1818321Z   Using cached click-8.2.1-py3-none-any.whl.metadata (2.5 kB)
2025-09-21T03:39:58.3613567Z Collecting cryptography==45.0.7 (from -r requirements.txt (line 7))
2025-09-21T03:39:58.3627420Z   Using cached cryptography-45.0.7-cp311-abi3-manylinux_2_34_x86_64.whl.metadata (5.7 kB)
2025-09-21T03:39:58.3933184Z Collecting fastapi-slim==0.116.1 (from -r requirements.txt (line 8))
2025-09-21T03:39:58.3944679Z   Using cached fastapi_slim-0.116.1-py3-none-any.whl.metadata (28 kB)
2025-09-21T03:39:58.5315777Z Collecting greenlet==3.2.4 (from -r requirements.txt (line 9))
2025-09-21T03:39:58.5332167Z   Using cached greenlet-3.2.4-cp313-cp313-manylinux_2_24_x86_64.manylinux_2_28_x86_64.whl.metadata (4.1 kB)
2025-09-21T03:39:58.5551730Z Collecting h11==0.16.0 (from -r requirements.txt (line 10))
2025-09-21T03:39:58.5563245Z   Using cached h11-0.16.0-py3-none-any.whl.metadata (8.3 kB)
2025-09-21T03:39:58.5835772Z Collecting httpcore==1.0.9 (from -r requirements.txt (line 11))
2025-09-21T03:39:58.5847535Z   Using cached httpcore-1.0.9-py3-none-any.whl.metadata (21 kB)
2025-09-21T03:39:58.6236668Z Collecting httpx==0.28.1 (from -r requirements.txt (line 12))
2025-09-21T03:39:58.6248180Z   Using cached httpx-0.28.1-py3-none-any.whl.metadata (7.1 kB)
2025-09-21T03:39:58.6520644Z Collecting idna==3.10 (from -r requirements.txt (line 13))
2025-09-21T03:39:58.6532510Z   Using cached idna-3.10-py3-none-any.whl.metadata (10 kB)
2025-09-21T03:39:58.6760787Z Collecting psec==1.3.0 (from -r requirements.txt (line 14))
2025-09-21T03:39:58.6771899Z   Using cached psec-1.3.0-py3-none-any.whl.metadata (2.4 kB)
2025-09-21T03:39:58.7073821Z Collecting pyasn1==0.6.1 (from -r requirements.txt (line 15))
2025-09-21T03:39:58.7085124Z   Using cached pyasn1-0.6.1-py3-none-any.whl.metadata (8.4 kB)
2025-09-21T03:39:58.7298389Z Collecting pycparser==2.23 (from -r requirements.txt (line 16))
2025-09-21T03:39:58.7310328Z   Using cached pycparser-2.23-py3-none-any.whl.metadata (993 bytes)
2025-09-21T03:39:58.8242530Z Collecting pycryptodome==3.23.0 (from -r requirements.txt (line 17))
2025-09-21T03:39:58.8256471Z   Using cached pycryptodome-3.23.0-cp37-abi3-manylinux_2_17_x86_64.manylinux2014_x86_64.whl.metadata (3.4 kB)
2025-09-21T03:39:58.9426221Z Collecting pydantic==2.11.9 (from -r requirements.txt (line 18))
2025-09-21T03:39:58.9439848Z   Using cached pydantic-2.11.9-py3-none-any.whl.metadata (68 kB)
2025-09-21T03:39:59.5747523Z Collecting pydantic_core==2.33.2 (from -r requirements.txt (line 19))
2025-09-21T03:39:59.5761865Z   Using cached pydantic_core-2.33.2-cp313-cp313-manylinux_2_17_x86_64.manylinux2014_x86_64.whl.metadata (6.8 kB)
2025-09-21T03:39:59.6060381Z Collecting PyJWT==2.10.1 (from -r requirements.txt (line 20))
2025-09-21T03:39:59.6072974Z   Using cached PyJWT-2.10.1-py3-none-any.whl.metadata (4.0 kB)
2025-09-21T03:39:59.6334419Z Collecting python-json-logger==3.3.0 (from -r requirements.txt (line 21))
2025-09-21T03:39:59.6346168Z   Using cached python_json_logger-3.3.0-py3-none-any.whl.metadata (4.0 kB)
2025-09-21T03:39:59.6575491Z Collecting sniffio==1.3.1 (from -r requirements.txt (line 22))
2025-09-21T03:39:59.6587854Z   Using cached sniffio-1.3.1-py3-none-any.whl.metadata (3.9 kB)
2025-09-21T03:39:59.7352215Z Collecting starlette==0.47.3 (from -r requirements.txt (line 23))
2025-09-21T03:39:59.7364005Z   Using cached starlette-0.47.3-py3-none-any.whl.metadata (6.2 kB)
2025-09-21T03:39:59.7580486Z Collecting typing-inspection==0.4.1 (from -r requirements.txt (line 24))
2025-09-21T03:39:59.7591917Z   Using cached typing_inspection-0.4.1-py3-none-any.whl.metadata (2.6 kB)
2025-09-21T03:39:59.7863976Z Collecting typing_extensions==4.15.0 (from -r requirements.txt (line 25))
2025-09-21T03:39:59.7876090Z   Using cached typing_extensions-4.15.0-py3-none-any.whl.metadata (3.3 kB)
2025-09-21T03:39:59.8227033Z Collecting uvicorn==0.35.0 (from -r requirements.txt (line 26))
2025-09-21T03:39:59.8239765Z   Using cached uvicorn-0.35.0-py3-none-any.whl.metadata (6.5 kB)
2025-09-21T03:39:59.9534890Z Using cached annotated_types-0.7.0-py3-none-any.whl (13 kB)
2025-09-21T03:39:59.9546454Z Using cached anyio-4.10.0-py3-none-any.whl (107 kB)
2025-09-21T03:39:59.9558737Z Using cached asn1crypto-1.5.1-py2.py3-none-any.whl (105 kB)
2025-09-21T03:39:59.9570023Z Using cached certifi-2025.8.3-py3-none-any.whl (161 kB)
2025-09-21T03:39:59.9582347Z Using cached cffi-2.0.0-cp313-cp313-manylinux2014_x86_64.manylinux_2_17_x86_64.whl (219 kB)
2025-09-21T03:39:59.9594916Z Using cached click-8.2.1-py3-none-any.whl (102 kB)
2025-09-21T03:39:59.9607019Z Using cached cryptography-45.0.7-cp311-abi3-manylinux_2_34_x86_64.whl (4.5 MB)
2025-09-21T03:39:59.9651149Z Using cached fastapi_slim-0.116.1-py3-none-any.whl (95 kB)
2025-09-21T03:39:59.9663024Z Using cached pydantic-2.11.9-py3-none-any.whl (444 kB)
2025-09-21T03:39:59.9677145Z Using cached starlette-0.47.3-py3-none-any.whl (72 kB)
2025-09-21T03:39:59.9689066Z Using cached greenlet-3.2.4-cp313-cp313-manylinux_2_24_x86_64.manylinux_2_28_x86_64.whl (610 kB)
2025-09-21T03:39:59.9704430Z Using cached h11-0.16.0-py3-none-any.whl (37 kB)
2025-09-21T03:39:59.9715550Z Using cached httpcore-1.0.9-py3-none-any.whl (78 kB)
2025-09-21T03:39:59.9727171Z Using cached httpx-0.28.1-py3-none-any.whl (73 kB)
2025-09-21T03:39:59.9738522Z Using cached idna-3.10-py3-none-any.whl (70 kB)
2025-09-21T03:39:59.9749932Z Using cached psec-1.3.0-py3-none-any.whl (27 kB)
2025-09-21T03:39:59.9761096Z Using cached pyasn1-0.6.1-py3-none-any.whl (83 kB)
2025-09-21T03:39:59.9772621Z Using cached pycparser-2.23-py3-none-any.whl (118 kB)
2025-09-21T03:39:59.9785049Z Using cached pycryptodome-3.23.0-cp37-abi3-manylinux_2_17_x86_64.manylinux2014_x86_64.whl (2.3 MB)
2025-09-21T03:39:59.9812933Z Using cached pydantic_core-2.33.2-cp313-cp313-manylinux_2_17_x86_64.manylinux2014_x86_64.whl (2.0 MB)
2025-09-21T03:39:59.9838666Z Using cached PyJWT-2.10.1-py3-none-any.whl (22 kB)
2025-09-21T03:39:59.9849773Z Using cached python_json_logger-3.3.0-py3-none-any.whl (15 kB)
2025-09-21T03:39:59.9860924Z Using cached sniffio-1.3.1-py3-none-any.whl (10 kB)
2025-09-21T03:39:59.9871959Z Using cached typing_inspection-0.4.1-py3-none-any.whl (14 kB)
2025-09-21T03:39:59.9884129Z Using cached typing_extensions-4.15.0-py3-none-any.whl (44 kB)
2025-09-21T03:39:59.9895794Z Using cached uvicorn-0.35.0-py3-none-any.whl (66 kB)
2025-09-21T03:40:00.0748762Z Installing collected packages: asn1crypto, typing_extensions, sniffio, python-json-logger, PyJWT, pycryptodome, pycparser, pyasn1, idna, h11, greenlet, click, certifi, annotated-types, uvicorn, typing-inspection, pydantic_core, httpcore, cffi, anyio, starlette, pydantic, httpx, cryptography, psec, fastapi-slim
2025-09-21T03:40:02.1715979Z 
2025-09-21T03:40:02.1753263Z Successfully installed PyJWT-2.10.1 annotated-types-0.7.0 anyio-4.10.0 asn1crypto-1.5.1 certifi-2025.8.3 cffi-2.0.0 click-8.2.1 cryptography-45.0.7 fastapi-slim-0.116.1 greenlet-3.2.4 h11-0.16.0 httpcore-1.0.9 httpx-0.28.1 idna-3.10 psec-1.3.0 pyasn1-0.6.1 pycparser-2.23 pycryptodome-3.23.0 pydantic-2.11.9 pydantic_core-2.33.2 python-json-logger-3.3.0 sniffio-1.3.1 starlette-0.47.3 typing-inspection-0.4.1 typing_extensions-4.15.0 uvicorn-0.35.0
2025-09-21T03:40:02.4741258Z ##[group]Run cd pki_service
2025-09-21T03:40:02.4741554Z [36;1mcd pki_service[0m
2025-09-21T03:40:02.4741823Z [36;1mpython -m pip install -r requirements.txt[0m
2025-09-21T03:40:02.4742139Z [36;1m# set env vars for CI environment[0m
2025-09-21T03:40:02.4742409Z [36;1mexport KC_CLI="pki-ci"[0m
2025-09-21T03:40:02.4742653Z [36;1mexport ENVIRONMENT="test"[0m
2025-09-21T03:40:02.4743003Z [36;1mnohup uvicorn app.main:app --host 0.0.0.0 --port 8000 > pki.log 2>&1 &[0m
2025-09-21T03:40:02.4743371Z [36;1mecho $! > pki.pid[0m
2025-09-21T03:40:02.4773394Z shell: /usr/bin/bash -e {0}
2025-09-21T03:40:02.4773623Z env:
2025-09-21T03:40:02.4773866Z   pythonLocation: /opt/hostedtoolcache/Python/3.13.7/x64
2025-09-21T03:40:02.4774277Z   PKG_CONFIG_PATH: /opt/hostedtoolcache/Python/3.13.7/x64/lib/pkgconfig
2025-09-21T03:40:02.4774669Z   Python_ROOT_DIR: /opt/hostedtoolcache/Python/3.13.7/x64
2025-09-21T03:40:02.4775025Z   Python2_ROOT_DIR: /opt/hostedtoolcache/Python/3.13.7/x64
2025-09-21T03:40:02.4775410Z   Python3_ROOT_DIR: /opt/hostedtoolcache/Python/3.13.7/x64
2025-09-21T03:40:02.4775764Z   LD_LIBRARY_PATH: /opt/hostedtoolcache/Python/3.13.7/x64/lib
2025-09-21T03:40:02.4776061Z ##[endgroup]
2025-09-21T03:40:02.8763762Z Requirement already satisfied: annotated-types==0.7.0 in /opt/hostedtoolcache/Python/3.13.7/x64/lib/python3.13/site-packages (from -r requirements.txt (line 1)) (0.7.0)
2025-09-21T03:40:02.8768370Z Requirement already satisfied: anyio==4.10.0 in /opt/hostedtoolcache/Python/3.13.7/x64/lib/python3.13/site-packages (from -r requirements.txt (line 2)) (4.10.0)
2025-09-21T03:40:02.8772471Z Requirement already satisfied: asn1crypto==1.5.1 in /opt/hostedtoolcache/Python/3.13.7/x64/lib/python3.13/site-packages (from -r requirements.txt (line 3)) (1.5.1)
2025-09-21T03:40:02.8776812Z Requirement already satisfied: certifi==2025.8.3 in /opt/hostedtoolcache/Python/3.13.7/x64/lib/python3.13/site-packages (from -r requirements.txt (line 4)) (2025.8.3)
2025-09-21T03:40:02.8780907Z Requirement already satisfied: cffi==2.0.0 in /opt/hostedtoolcache/Python/3.13.7/x64/lib/python3.13/site-packages (from -r requirements.txt (line 5)) (2.0.0)
2025-09-21T03:40:02.8785008Z Requirement already satisfied: click==8.2.1 in /opt/hostedtoolcache/Python/3.13.7/x64/lib/python3.13/site-packages (from -r requirements.txt (line 6)) (8.2.1)
2025-09-21T03:40:02.8789229Z Requirement already satisfied: cryptography==45.0.7 in /opt/hostedtoolcache/Python/3.13.7/x64/lib/python3.13/site-packages (from -r requirements.txt (line 7)) (45.0.7)
2025-09-21T03:40:02.8793090Z Requirement already satisfied: fastapi-slim==0.116.1 in /opt/hostedtoolcache/Python/3.13.7/x64/lib/python3.13/site-packages (from -r requirements.txt (line 8)) (0.116.1)
2025-09-21T03:40:02.8797071Z Requirement already satisfied: greenlet==3.2.4 in /opt/hostedtoolcache/Python/3.13.7/x64/lib/python3.13/site-packages (from -r requirements.txt (line 9)) (3.2.4)
2025-09-21T03:40:02.8800889Z Requirement already satisfied: h11==0.16.0 in /opt/hostedtoolcache/Python/3.13.7/x64/lib/python3.13/site-packages (from -r requirements.txt (line 10)) (0.16.0)
2025-09-21T03:40:02.8804929Z Requirement already satisfied: httpcore==1.0.9 in /opt/hostedtoolcache/Python/3.13.7/x64/lib/python3.13/site-packages (from -r requirements.txt (line 11)) (1.0.9)
2025-09-21T03:40:02.8809154Z Requirement already satisfied: httpx==0.28.1 in /opt/hostedtoolcache/Python/3.13.7/x64/lib/python3.13/site-packages (from -r requirements.txt (line 12)) (0.28.1)
2025-09-21T03:40:02.8812957Z Requirement already satisfied: idna==3.10 in /opt/hostedtoolcache/Python/3.13.7/x64/lib/python3.13/site-packages (from -r requirements.txt (line 13)) (3.10)
2025-09-21T03:40:02.9628126Z Collecting Mako==1.3.9 (from -r requirements.txt (line 14))
2025-09-21T03:40:02.9641865Z   Using cached Mako-1.3.9-py3-none-any.whl.metadata (2.9 kB)
2025-09-21T03:40:03.0223795Z Collecting MarkupSafe==3.0.2 (from -r requirements.txt (line 15))
2025-09-21T03:40:03.0236454Z   Using cached MarkupSafe-3.0.2-cp313-cp313-manylinux_2_17_x86_64.manylinux2014_x86_64.whl.metadata (4.0 kB)
2025-09-21T03:40:03.0257806Z Requirement already satisfied: psec==1.3.0 in /opt/hostedtoolcache/Python/3.13.7/x64/lib/python3.13/site-packages (from -r requirements.txt (line 16)) (1.3.0)
2025-09-21T03:40:03.0262925Z Requirement already satisfied: pyasn1==0.6.1 in /opt/hostedtoolcache/Python/3.13.7/x64/lib/python3.13/site-packages (from -r requirements.txt (line 17)) (0.6.1)
2025-09-21T03:40:03.0268265Z Requirement already satisfied: pycparser==2.23 in /opt/hostedtoolcache/Python/3.13.7/x64/lib/python3.13/site-packages (from -r requirements.txt (line 18)) (2.23)
2025-09-21T03:40:03.0274073Z Requirement already satisfied: pycryptodome==3.23.0 in /opt/hostedtoolcache/Python/3.13.7/x64/lib/python3.13/site-packages (from -r requirements.txt (line 19)) (3.23.0)
2025-09-21T03:40:03.0280886Z Requirement already satisfied: pydantic==2.11.9 in /opt/hostedtoolcache/Python/3.13.7/x64/lib/python3.13/site-packages (from -r requirements.txt (line 20)) (2.11.9)
2025-09-21T03:40:03.0286051Z Requirement already satisfied: pydantic_core==2.33.2 in /opt/hostedtoolcache/Python/3.13.7/x64/lib/python3.13/site-packages (from -r requirements.txt (line 21)) (2.33.2)
2025-09-21T03:40:03.0293242Z Requirement already satisfied: PyJWT==2.10.1 in /opt/hostedtoolcache/Python/3.13.7/x64/lib/python3.13/site-packages (from -r requirements.txt (line 22)) (2.10.1)
2025-09-21T03:40:03.0298610Z Requirement already satisfied: python-json-logger==3.3.0 in /opt/hostedtoolcache/Python/3.13.7/x64/lib/python3.13/site-packages (from -r requirements.txt (line 23)) (3.3.0)
2025-09-21T03:40:03.0303715Z Requirement already satisfied: sniffio==1.3.1 in /opt/hostedtoolcache/Python/3.13.7/x64/lib/python3.13/site-packages (from -r requirements.txt (line 24)) (1.3.1)
2025-09-21T03:40:03.0310000Z Requirement already satisfied: starlette==0.47.3 in /opt/hostedtoolcache/Python/3.13.7/x64/lib/python3.13/site-packages (from -r requirements.txt (line 25)) (0.47.3)
2025-09-21T03:40:03.0315968Z Requirement already satisfied: typing_extensions==4.15.0 in /opt/hostedtoolcache/Python/3.13.7/x64/lib/python3.13/site-packages (from -r requirements.txt (line 26)) (4.15.0)
2025-09-21T03:40:03.0323032Z Requirement already satisfied: uvicorn==0.35.0 in /opt/hostedtoolcache/Python/3.13.7/x64/lib/python3.13/site-packages (from -r requirements.txt (line 27)) (0.35.0)
2025-09-21T03:40:03.0497581Z Requirement already satisfied: typing-inspection>=0.4.0 in /opt/hostedtoolcache/Python/3.13.7/x64/lib/python3.13/site-packages (from pydantic==2.11.9->-r requirements.txt (line 20)) (0.4.1)
2025-09-21T03:40:03.0838192Z Using cached Mako-1.3.9-py3-none-any.whl (78 kB)
2025-09-21T03:40:03.0849865Z Using cached MarkupSafe-3.0.2-cp313-cp313-manylinux_2_17_x86_64.manylinux2014_x86_64.whl (23 kB)
2025-09-21T03:40:03.1128229Z Installing collected packages: MarkupSafe, Mako
2025-09-21T03:40:03.1991388Z 
2025-09-21T03:40:03.2026860Z Successfully installed Mako-1.3.9 MarkupSafe-3.0.2
2025-09-21T03:40:03.2554983Z ##[group]Run # give services time to start
2025-09-21T03:40:03.2555581Z [36;1m# give services time to start[0m
2025-09-21T03:40:03.2556008Z [36;1msleep 10[0m
2025-09-21T03:40:03.2556534Z [36;1m[0m
2025-09-21T03:40:03.2556854Z [36;1m# check if services are running[0m
2025-09-21T03:40:03.2557355Z [36;1mecho "Checking crypto service status..."[0m
2025-09-21T03:40:03.2557948Z [36;1mif ! ps aux | grep -v grep | grep "crypto_service"; then[0m
2025-09-21T03:40:03.2558579Z [36;1m  echo "Crypto service not running, checking logs:"[0m
2025-09-21T03:40:03.2559236Z [36;1m  cat crypto_service/crypto.log || echo "No crypto log found"[0m
2025-09-21T03:40:03.2559782Z [36;1mfi[0m
2025-09-21T03:40:03.2560076Z [36;1m[0m
2025-09-21T03:40:03.2560426Z [36;1mecho "Checking pki service status..."[0m
2025-09-21T03:40:03.2560983Z [36;1mif ! ps aux | grep -v grep | grep "pki_service"; then[0m
2025-09-21T03:40:03.2561567Z [36;1m  echo "PKI service not running, checking logs:"[0m
2025-09-21T03:40:03.2562214Z [36;1m  cat pki_service/pki.log || echo "No pki log found"[0m
2025-09-21T03:40:03.2562705Z [36;1mfi[0m
2025-09-21T03:40:03.2562999Z [36;1m[0m
2025-09-21T03:40:03.2563378Z [36;1m# wait for crypto service with extended timeout[0m
2025-09-21T03:40:03.2563971Z [36;1mecho "Waiting for crypto service health check..."[0m
2025-09-21T03:40:03.2564847Z [36;1mtimeout 60s bash -c 'until curl -f http://localhost:8001/health > /dev/null 2>&1; do sleep 3; done'[0m
2025-09-21T03:40:03.2565659Z [36;1mecho "crypto service is ready"[0m
2025-09-21T03:40:03.2566079Z [36;1m[0m
2025-09-21T03:40:03.2566626Z [36;1m# wait for pki service with extended timeout[0m
2025-09-21T03:40:03.2567203Z [36;1mecho "Waiting for pki service health check..."[0m
2025-09-21T03:40:03.2568054Z [36;1mtimeout 60s bash -c 'until curl -f http://localhost:8000/health > /dev/null 2>&1; do sleep 3; done'[0m
2025-09-21T03:40:03.2568852Z [36;1mecho "pki service is ready"[0m
2025-09-21T03:40:03.2612196Z shell: /usr/bin/bash -e {0}
2025-09-21T03:40:03.2612589Z env:
2025-09-21T03:40:03.2612990Z   pythonLocation: /opt/hostedtoolcache/Python/3.13.7/x64
2025-09-21T03:40:03.2613699Z   PKG_CONFIG_PATH: /opt/hostedtoolcache/Python/3.13.7/x64/lib/pkgconfig
2025-09-21T03:40:03.2614392Z   Python_ROOT_DIR: /opt/hostedtoolcache/Python/3.13.7/x64
2025-09-21T03:40:03.2615010Z   Python2_ROOT_DIR: /opt/hostedtoolcache/Python/3.13.7/x64
2025-09-21T03:40:03.2615630Z   Python3_ROOT_DIR: /opt/hostedtoolcache/Python/3.13.7/x64
2025-09-21T03:40:03.2616244Z   LD_LIBRARY_PATH: /opt/hostedtoolcache/Python/3.13.7/x64/lib
2025-09-21T03:40:03.2616937Z ##[endgroup]
2025-09-21T03:40:13.2710077Z Checking crypto service status...
2025-09-21T03:40:13.2815314Z Crypto service not running, checking logs:
2025-09-21T03:40:13.2824530Z Traceback (most recent call last):
2025-09-21T03:40:13.2835765Z   File "/opt/hostedtoolcache/Python/3.13.7/x64/bin/uvicorn", line 7, in <module>
2025-09-21T03:40:13.2837576Z     sys.exit(main())
2025-09-21T03:40:13.2838385Z              ~~~~^^
2025-09-21T03:40:13.2839232Z   File "/opt/hostedtoolcache/Python/3.13.7/x64/lib/python3.13/site-packages/click/core.py", line 1442, in __call__
2025-09-21T03:40:13.2840119Z     return self.main(*args, **kwargs)
2025-09-21T03:40:13.2840539Z            ~~~~~~~~~^^^^^^^^^^^^^^^^^
2025-09-21T03:40:13.2841395Z   File "/opt/hostedtoolcache/Python/3.13.7/x64/lib/python3.13/site-packages/click/core.py", line 1363, in main
2025-09-21T03:40:13.2842255Z     rv = self.invoke(ctx)
2025-09-21T03:40:13.2843110Z   File "/opt/hostedtoolcache/Python/3.13.7/x64/lib/python3.13/site-packages/click/core.py", line 1226, in invoke
2025-09-21T03:40:13.2844017Z     return ctx.invoke(self.callback, **ctx.params)
2025-09-21T03:40:13.2844497Z            ~~~~~~~~~~^^^^^^^^^^^^^^^^^^^^^^^^^^^^^
2025-09-21T03:40:13.2845373Z   File "/opt/hostedtoolcache/Python/3.13.7/x64/lib/python3.13/site-packages/click/core.py", line 794, in invoke
2025-09-21T03:40:13.2846240Z     return callback(*args, **kwargs)
2025-09-21T03:40:13.2847272Z   File "/opt/hostedtoolcache/Python/3.13.7/x64/lib/python3.13/site-packages/uvicorn/main.py", line 413, in main
2025-09-21T03:40:13.2847783Z     run(
2025-09-21T03:40:13.2847949Z     ~~~^
2025-09-21T03:40:13.2848102Z         app,
2025-09-21T03:40:13.2848278Z         ^^^^
2025-09-21T03:40:13.2848456Z     ...<45 lines>...
2025-09-21T03:40:13.2848722Z         h11_max_incomplete_event_size=h11_max_incomplete_event_size,
2025-09-21T03:40:13.2849081Z         ^^^^^^^^^^^^^^^^^^^^^^^^^^^^^^^^^^^^^^^^^^^^^^^^^^^^^^^^^^^^
2025-09-21T03:40:13.2849332Z     )
2025-09-21T03:40:13.2849479Z     ^
2025-09-21T03:40:13.2849911Z   File "/opt/hostedtoolcache/Python/3.13.7/x64/lib/python3.13/site-packages/uvicorn/main.py", line 580, in run
2025-09-21T03:40:13.2850384Z     server.run()
2025-09-21T03:40:13.2850558Z     ~~~~~~~~~~^^
2025-09-21T03:40:13.2850984Z   File "/opt/hostedtoolcache/Python/3.13.7/x64/lib/python3.13/site-packages/uvicorn/server.py", line 67, in run
2025-09-21T03:40:13.2851488Z     return asyncio.run(self.serve(sockets=sockets))
2025-09-21T03:40:13.2851771Z            ~~~~~~~~~~~^^^^^^^^^^^^^^^^^^^^^^^^^^^^^
2025-09-21T03:40:13.2852213Z   File "/opt/hostedtoolcache/Python/3.13.7/x64/lib/python3.13/asyncio/runners.py", line 195, in run
2025-09-21T03:40:13.2852638Z     return runner.run(main)
2025-09-21T03:40:13.2852842Z            ~~~~~~~~~~^^^^^^
2025-09-21T03:40:13.2853253Z   File "/opt/hostedtoolcache/Python/3.13.7/x64/lib/python3.13/asyncio/runners.py", line 118, in run
2025-09-21T03:40:13.2853706Z     return self._loop.run_until_complete(task)
2025-09-21T03:40:13.2853961Z            ~~~~~~~~~~~~~~~~~~~~~~~~~~~~~^^^^^^
2025-09-21T03:40:13.2854465Z   File "/opt/hostedtoolcache/Python/3.13.7/x64/lib/python3.13/asyncio/base_events.py", line 725, in run_until_complete
2025-09-21T03:40:13.2854963Z     return future.result()
2025-09-21T03:40:13.2855169Z            ~~~~~~~~~~~~~^^
2025-09-21T03:40:13.2855634Z   File "/opt/hostedtoolcache/Python/3.13.7/x64/lib/python3.13/site-packages/uvicorn/server.py", line 71, in serve
2025-09-21T03:40:13.2856136Z     await self._serve(sockets)
2025-09-21T03:40:13.2856815Z   File "/opt/hostedtoolcache/Python/3.13.7/x64/lib/python3.13/site-packages/uvicorn/server.py", line 78, in _serve
2025-09-21T03:40:13.2857284Z     config.load()
2025-09-21T03:40:13.2857459Z     ~~~~~~~~~~~^^
2025-09-21T03:40:13.2857877Z   File "/opt/hostedtoolcache/Python/3.13.7/x64/lib/python3.13/site-packages/uvicorn/config.py", line 436, in load
2025-09-21T03:40:13.2858369Z     self.loaded_app = import_from_string(self.app)
2025-09-21T03:40:13.2858653Z                       ~~~~~~~~~~~~~~~~~~^^^^^^^^^^
2025-09-21T03:40:13.2859237Z   File "/opt/hostedtoolcache/Python/3.13.7/x64/lib/python3.13/site-packages/uvicorn/importer.py", line 22, in import_from_string
2025-09-21T03:40:13.2859765Z     raise exc from None
2025-09-21T03:40:13.2860272Z   File "/opt/hostedtoolcache/Python/3.13.7/x64/lib/python3.13/site-packages/uvicorn/importer.py", line 19, in import_from_string
2025-09-21T03:40:13.2860967Z     module = importlib.import_module(module_str)
2025-09-21T03:40:13.2861477Z   File "/opt/hostedtoolcache/Python/3.13.7/x64/lib/python3.13/importlib/__init__.py", line 88, in import_module
2025-09-21T03:40:13.2862007Z     return _bootstrap._gcd_import(name[level:], package, level)
2025-09-21T03:40:13.2862331Z            ~~~~~~~~~~~~~~~~~~~~~~^^^^^^^^^^^^^^^^^^^^^^^^^^^^^^
2025-09-21T03:40:13.2862679Z   File "<frozen importlib._bootstrap>", line 1387, in _gcd_import
2025-09-21T03:40:13.2863097Z   File "<frozen importlib._bootstrap>", line 1360, in _find_and_load
2025-09-21T03:40:13.2863554Z   File "<frozen importlib._bootstrap>", line 1331, in _find_and_load_unlocked
2025-09-21T03:40:13.2863992Z   File "<frozen importlib._bootstrap>", line 935, in _load_unlocked
2025-09-21T03:40:13.2864408Z   File "<frozen importlib._bootstrap_external>", line 1026, in exec_module
2025-09-21T03:40:13.2864865Z   File "<frozen importlib._bootstrap>", line 488, in _call_with_frames_removed
2025-09-21T03:40:13.2865527Z   File "/home/runner/work/fmcrypto/fmcrypto/crypto_service/app/main.py", line 9, in <module>
2025-09-21T03:40:13.2865997Z     from common.logging_config import setup_logging
2025-09-21T03:40:13.2866490Z ModuleNotFoundError: No module named 'common'
2025-09-21T03:40:13.2866873Z Checking pki service status...
2025-09-21T03:40:13.2927021Z PKI service not running, checking logs:
2025-09-21T03:40:13.2935691Z Traceback (most recent call last):
2025-09-21T03:40:13.2936885Z   File "/opt/hostedtoolcache/Python/3.13.7/x64/bin/uvicorn", line 7, in <module>
2025-09-21T03:40:13.2937564Z     sys.exit(main())
2025-09-21T03:40:13.2937896Z              ~~~~^^
2025-09-21T03:40:13.2938656Z   File "/opt/hostedtoolcache/Python/3.13.7/x64/lib/python3.13/site-packages/click/core.py", line 1442, in __call__
2025-09-21T03:40:13.2939513Z     return self.main(*args, **kwargs)
2025-09-21T03:40:13.2939931Z            ~~~~~~~~~^^^^^^^^^^^^^^^^^
2025-09-21T03:40:13.2940696Z   File "/opt/hostedtoolcache/Python/3.13.7/x64/lib/python3.13/site-packages/click/core.py", line 1363, in main
2025-09-21T03:40:13.2941203Z     rv = self.invoke(ctx)
2025-09-21T03:40:13.2941695Z   File "/opt/hostedtoolcache/Python/3.13.7/x64/lib/python3.13/site-packages/click/core.py", line 1226, in invoke
2025-09-21T03:40:13.2942208Z     return ctx.invoke(self.callback, **ctx.params)
2025-09-21T03:40:13.2942488Z            ~~~~~~~~~~^^^^^^^^^^^^^^^^^^^^^^^^^^^^^
2025-09-21T03:40:13.2942981Z   File "/opt/hostedtoolcache/Python/3.13.7/x64/lib/python3.13/site-packages/click/core.py", line 794, in invoke
2025-09-21T03:40:13.2943471Z     return callback(*args, **kwargs)
2025-09-21T03:40:13.2943987Z   File "/opt/hostedtoolcache/Python/3.13.7/x64/lib/python3.13/site-packages/uvicorn/main.py", line 413, in main
2025-09-21T03:40:13.2944445Z     run(
2025-09-21T03:40:13.2944600Z     ~~~^
2025-09-21T03:40:13.2944760Z         app,
2025-09-21T03:40:13.2944928Z         ^^^^
2025-09-21T03:40:13.2945089Z     ...<45 lines>...
2025-09-21T03:40:13.2945374Z         h11_max_incomplete_event_size=h11_max_incomplete_event_size,
2025-09-21T03:40:13.2945692Z         ^^^^^^^^^^^^^^^^^^^^^^^^^^^^^^^^^^^^^^^^^^^^^^^^^^^^^^^^^^^^
2025-09-21T03:40:13.2945926Z     )
2025-09-21T03:40:13.2946079Z     ^
2025-09-21T03:40:13.2946717Z   File "/opt/hostedtoolcache/Python/3.13.7/x64/lib/python3.13/site-packages/uvicorn/main.py", line 580, in run
2025-09-21T03:40:13.2947185Z     server.run()
2025-09-21T03:40:13.2947361Z     ~~~~~~~~~~^^
2025-09-21T03:40:13.2947777Z   File "/opt/hostedtoolcache/Python/3.13.7/x64/lib/python3.13/site-packages/uvicorn/server.py", line 67, in run
2025-09-21T03:40:13.2948273Z     return asyncio.run(self.serve(sockets=sockets))
2025-09-21T03:40:13.2948549Z            ~~~~~~~~~~~^^^^^^^^^^^^^^^^^^^^^^^^^^^^^
2025-09-21T03:40:13.2948979Z   File "/opt/hostedtoolcache/Python/3.13.7/x64/lib/python3.13/asyncio/runners.py", line 195, in run
2025-09-21T03:40:13.2949404Z     return runner.run(main)
2025-09-21T03:40:13.2949608Z            ~~~~~~~~~~^^^^^^
2025-09-21T03:40:13.2950002Z   File "/opt/hostedtoolcache/Python/3.13.7/x64/lib/python3.13/asyncio/runners.py", line 118, in run
2025-09-21T03:40:13.2950625Z     return self._loop.run_until_complete(task)
2025-09-21T03:40:13.2950881Z            ~~~~~~~~~~~~~~~~~~~~~~~~~~~~~^^^^^^
2025-09-21T03:40:13.2951375Z   File "/opt/hostedtoolcache/Python/3.13.7/x64/lib/python3.13/asyncio/base_events.py", line 725, in run_until_complete
2025-09-21T03:40:13.2951862Z     return future.result()
2025-09-21T03:40:13.2952068Z            ~~~~~~~~~~~~~^^
2025-09-21T03:40:13.2952504Z   File "/opt/hostedtoolcache/Python/3.13.7/x64/lib/python3.13/site-packages/uvicorn/server.py", line 71, in serve
2025-09-21T03:40:13.2952976Z     await self._serve(sockets)
2025-09-21T03:40:13.2953435Z   File "/opt/hostedtoolcache/Python/3.13.7/x64/lib/python3.13/site-packages/uvicorn/server.py", line 78, in _serve
2025-09-21T03:40:13.2953892Z     config.load()
2025-09-21T03:40:13.2954067Z     ~~~~~~~~~~~^^
2025-09-21T03:40:13.2954593Z   File "/opt/hostedtoolcache/Python/3.13.7/x64/lib/python3.13/site-packages/uvicorn/config.py", line 436, in load
2025-09-21T03:40:13.2955095Z     self.loaded_app = import_from_string(self.app)
2025-09-21T03:40:13.2955370Z                       ~~~~~~~~~~~~~~~~~~^^^^^^^^^^
2025-09-21T03:40:13.2955918Z   File "/opt/hostedtoolcache/Python/3.13.7/x64/lib/python3.13/site-packages/uvicorn/importer.py", line 22, in import_from_string
2025-09-21T03:40:13.2956652Z     raise exc from None
2025-09-21T03:40:13.2957161Z   File "/opt/hostedtoolcache/Python/3.13.7/x64/lib/python3.13/site-packages/uvicorn/importer.py", line 19, in import_from_string
2025-09-21T03:40:13.2957704Z     module = importlib.import_module(module_str)
2025-09-21T03:40:13.2958205Z   File "/opt/hostedtoolcache/Python/3.13.7/x64/lib/python3.13/importlib/__init__.py", line 88, in import_module
2025-09-21T03:40:13.2958721Z     return _bootstrap._gcd_import(name[level:], package, level)
2025-09-21T03:40:13.2959043Z            ~~~~~~~~~~~~~~~~~~~~~~^^^^^^^^^^^^^^^^^^^^^^^^^^^^^^
2025-09-21T03:40:13.2959396Z   File "<frozen importlib._bootstrap>", line 1387, in _gcd_import
2025-09-21T03:40:13.2959805Z   File "<frozen importlib._bootstrap>", line 1360, in _find_and_load
2025-09-21T03:40:13.2960243Z   File "<frozen importlib._bootstrap>", line 1331, in _find_and_load_unlocked
2025-09-21T03:40:13.2960677Z   File "<frozen importlib._bootstrap>", line 935, in _load_unlocked
2025-09-21T03:40:13.2961097Z   File "<frozen importlib._bootstrap_external>", line 1026, in exec_module
2025-09-21T03:40:13.2961543Z   File "<frozen importlib._bootstrap>", line 488, in _call_with_frames_removed
2025-09-21T03:40:13.2962056Z   File "/home/runner/work/fmcrypto/fmcrypto/pki_service/app/main.py", line 9, in <module>
2025-09-21T03:40:13.2962490Z     from common.logging_config import setup_logging
2025-09-21T03:40:13.2962788Z ModuleNotFoundError: No module named 'common'
2025-09-21T03:40:13.2963081Z Waiting for crypto service health check...
2025-09-21T03:41:13.2977190Z ##[error]Process completed with exit code 124.
2025-09-21T03:41:13.3020852Z ##[group]Run # stop crypto service if running
2025-09-21T03:41:13.3021226Z [36;1m# stop crypto service if running[0m
2025-09-21T03:41:13.3021531Z [36;1mif [ -f crypto_service/crypto.pid ]; then[0m
2025-09-21T03:41:13.3021853Z [36;1m  kill $(cat crypto_service/crypto.pid) || true[0m
2025-09-21T03:41:13.3022158Z [36;1m  rm crypto_service/crypto.pid[0m
2025-09-21T03:41:13.3022400Z [36;1mfi[0m
2025-09-21T03:41:13.3022560Z [36;1m[0m
2025-09-21T03:41:13.3022750Z [36;1m# stop pki service if running  [0m
2025-09-21T03:41:13.3023033Z [36;1mif [ -f pki_service/pki.pid ]; then[0m
2025-09-21T03:41:13.3023322Z [36;1m  kill $(cat pki_service/pki.pid) || true[0m
2025-09-21T03:41:13.3023594Z [36;1m  rm pki_service/pki.pid[0m
2025-09-21T03:41:13.3023820Z [36;1mfi[0m
2025-09-21T03:41:13.3023982Z [36;1m  [0m
2025-09-21T03:41:13.3053654Z shell: /usr/bin/bash -e {0}
2025-09-21T03:41:13.3053882Z env:
2025-09-21T03:41:13.3054160Z   pythonLocation: /opt/hostedtoolcache/Python/3.13.7/x64
2025-09-21T03:41:13.3054745Z   PKG_CONFIG_PATH: /opt/hostedtoolcache/Python/3.13.7/x64/lib/pkgconfig
2025-09-21T03:41:13.3055159Z   Python_ROOT_DIR: /opt/hostedtoolcache/Python/3.13.7/x64
2025-09-21T03:41:13.3055508Z   Python2_ROOT_DIR: /opt/hostedtoolcache/Python/3.13.7/x64
2025-09-21T03:41:13.3055881Z   Python3_ROOT_DIR: /opt/hostedtoolcache/Python/3.13.7/x64
2025-09-21T03:41:13.3056230Z   LD_LIBRARY_PATH: /opt/hostedtoolcache/Python/3.13.7/x64/lib
2025-09-21T03:41:13.3056761Z ##[endgroup]
2025-09-21T03:41:13.3119004Z /home/runner/work/_temp/72697d87-4f21-4a5a-923e-92810c31724a.sh: line 3: kill: (2311) - No such process
2025-09-21T03:41:13.3142717Z /home/runner/work/_temp/72697d87-4f21-4a5a-923e-92810c31724a.sh: line 9: kill: (2337) - No such process
2025-09-21T03:41:13.3234894Z Post job cleanup.
2025-09-21T03:41:13.4170618Z [command]/usr/bin/git version
2025-09-21T03:41:13.4209633Z git version 2.51.0
2025-09-21T03:41:13.4254136Z Temporarily overriding HOME='/home/runner/work/_temp/2e6f798e-ba23-4c19-bb1e-624d9d0df612' before making global git config changes
2025-09-21T03:41:13.4255405Z Adding repository directory to the temporary git global config as a safe directory
2025-09-21T03:41:13.4260384Z [command]/usr/bin/git config --global --add safe.directory /home/runner/work/fmcrypto/fmcrypto
2025-09-21T03:41:13.4298169Z [command]/usr/bin/git config --local --name-only --get-regexp core\.sshCommand
2025-09-21T03:41:13.4330320Z [command]/usr/bin/git submodule foreach --recursive sh -c "git config --local --name-only --get-regexp 'core\.sshCommand' && git config --local --unset-all 'core.sshCommand' || :"
2025-09-21T03:41:13.4556789Z [command]/usr/bin/git config --local --name-only --get-regexp http\.https\:\/\/github\.com\/\.extraheader
2025-09-21T03:41:13.4577960Z http.https://github.com/.extraheader
2025-09-21T03:41:13.4590957Z [command]/usr/bin/git config --local --unset-all http.https://github.com/.extraheader
2025-09-21T03:41:13.4620789Z [command]/usr/bin/git submodule foreach --recursive sh -c "git config --local --name-only --get-regexp 'http\.https\:\/\/github\.com\/\.extraheader' && git config --local --unset-all 'http.https://github.com/.extraheader' || :"
2025-09-21T03:41:13.4951299Z Cleaning up orphan processes
